exports[`Table snapshots 1`] = `
<div
  className="table">
  <div
    className="table-row">
    <span
      className="largeColumn">
      <a
        href={undefined}>
        1
      </a>
    </span>
    <span
      className="midColumn">
      1
    </span>
    <span
      className="smallColumn">
      1
    </span>
    <span
      className="smallColumn">
      2
    </span>
    <span
      className="smallColumn">
      <button
        className="button-inline"
        onClick={[Function]}
        type="button">
        Dismiss
      </button>
    </span>
  </div>
  <div
    className="table-row">
    <span
      className="largeColumn">
      <a
        href={undefined}>
        2
      </a>
    </span>
    <span
      className="midColumn">
      2
    </span>
    <span
      className="smallColumn">
      2
    </span>
    <span
      className="smallColumn">
      2
    </span>
    <span
      className="smallColumn">
      <button
        className="button-inline"
        onClick={[Function]}
        type="button">
        Dismiss
      </button>
    </span>
  </div>
</div>
`;
